<?xml version="1.0" encoding="UTF-8"?>
<testsuite errors="0" failures="1" skipped="0" tests="1" time="26.141183724">
  <properties/>
  <testcase classname="Twitter" name="shows the name Dan Chan for @brokenthumbs" time="26.140810677">
    <failure message="Twitter shows the name Dan Chan for @brokenthumbs" type="failed">
      <![CDATA[
expected: value != "Dan Chan"
     got: "Dan Chan"

(compared using ==)

./spec/example.rb:24:in `block (2 levels) in <top (required)>']]>
    </failure>
  </testcase>
</testsuite>